// Jest Snapshot v1, https://goo.gl/fbAQLP

exports[`test how "BtnGroup" is rendered it should match it's snapshot 1`] = `
<div
  class="sc-bwzfXH SfLdw btn-group"
  role="group"
>
  <button
    class="sc-bdVaJa fiYuhs btn search-btn"
  >
    <i
      class="fas fa-search"
    />
  </button>
  <button
    class="sc-bdVaJa fiYuhs btn export-btn"
  >
    <i
      class="fas fa-file-upload"
    />
  </button>
  <button
    class="sc-bdVaJa fiYuhs btn share-btn"
  >
    <i
      class="fas fa-share-square"
    />
  </button>
</div>
`;
